[INFO] Scanning for projects...
[INFO] 
[INFO] ---------------< org.gagandeepsuman:SistemaScuolaLingue >---------------
[INFO] Building SistemaScuolaLingue 1.0-SNAPSHOT
[INFO]   from pom.xml
[INFO] --------------------------------[ jar ]---------------------------------
[INFO] 
[INFO] >>> spring-boot:4.1.1:run (default-cli) > test-compile @ SistemaScuolaLingue >>>
[INFO] 
[INFO] --- resources:3.4.0:resources (default-resources) @ SistemaScuolaLingue ---
[INFO] Copying 18 resources from src/main/resources to target/classes
[INFO] 
[INFO] --- compiler:3.15.0:compile (default-compile) @ SistemaScuolaLingue ---
[INFO] Recompiling the module because of changed source code.
[INFO] Compiling 36 source files with javac [debug release 26] to target/classes
[INFO] -------------------------------------------------------------
[ERROR] COMPILATION ERROR : 
[INFO] -------------------------------------------------------------
[ERROR] /Users/gagandeepsuman/Library/CloudStorage/OneDrive-UniversitàdiNapoliFedericoII/Ingegneria del Software/Elaborato settembre 2026/SistemaScuolaLingue copy/src/main/java/org/gagandeepsuman/web/WebController.java:[295,40] ';' expected
[ERROR] /Users/gagandeepsuman/Library/CloudStorage/OneDrive-UniversitàdiNapoliFedericoII/Ingegneria del Software/Elaborato settembre 2026/SistemaScuolaLingue copy/src/main/java/org/gagandeepsuman/web/WebController.java:[306,50] ';' expected
[ERROR] /Users/gagandeepsuman/Library/CloudStorage/OneDrive-UniversitàdiNapoliFedericoII/Ingegneria del Software/Elaborato settembre 2026/SistemaScuolaLingue copy/src/main/java/org/gagandeepsuman/web/WebController.java:[309,2] reached end of file while parsing
[INFO] 3 errors 
[INFO] -------------------------------------------------------------
[INFO] ------------------------------------------------------------------------
[INFO] BUILD FAILURE
[INFO] ------------------------------------------------------------------------
[INFO] Total time:  1.225 s
[INFO] Finished at: 2026-09-20T16:28:36+02:00
[INFO] ------------------------------------------------------------------------
[ERROR] Failed to execute goal org.apache.maven.plugins:maven-compiler-plugin:3.15.0:compile (default-compile) on project SistemaScuolaLingue: Compilation failure: Compilation failure: 
[ERROR] /Users/gagandeepsuman/Library/CloudStorage/OneDrive-UniversitàdiNapoliFedericoII/Ingegneria del Software/Elaborato settembre 2026/SistemaScuolaLingue copy/src/main/java/org/gagandeepsuman/web/WebController.java:[295,40] ';' expected
[ERROR] /Users/gagandeepsuman/Library/CloudStorage/OneDrive-UniversitàdiNapoliFedericoII/Ingegneria del Software/Elaborato settembre 2026/SistemaScuolaLingue copy/src/main/java/org/gagandeepsuman/web/WebController.java:[306,50] ';' expected
[ERROR] /Users/gagandeepsuman/Library/CloudStorage/OneDrive-UniversitàdiNapoliFedericoII/Ingegneria del Software/Elaborato settembre 2026/SistemaScuolaLingue copy/src/main/java/org/gagandeepsuman/web/WebController.java:[309,2] reached end of file while parsing
[ERROR] -> [Help 1]
[ERROR] 
[ERROR] To see the full stack trace of the errors, re-run Maven with the -e switch.
[ERROR] Re-run Maven using the -X switch to enable full debug logging.
[ERROR] 
[ERROR] For more information about the errors and possible solutions, please read the following articles:
[ERROR] [Help 1] http://cwiki.apache.org/confluence/display/MAVEN/MojoFailureException
